Starting rank=1, seed=1, world_size=2.
Starting rank=0, seed=0, world_size=2.
[[34m2026-02-24 23:36:47[0m] Experiment directory created at results/028-SiT-S-2-Linear-velocity-None
wandb: WARNING If you're specifying your api key in code, ensure this code is not shared publicly.
wandb: WARNING Consider setting the WANDB_API_KEY environment variable, or running `wandb login` from the command line.
wandb: [wandb.login()] Using explicit session credentials for https://api.wandb.ai.
wandb: Appending key for api.wandb.ai to your netrc file: /home/hkzhang/.netrc
wandb: Currently logged in as: quantuman134 (TAMU-Visual-AI) to https://api.wandb.ai. Use `wandb login --relogin` to force relogin
wandb: setting up run 28464407
wandb: Tracking run with wandb version 0.25.0
wandb: Run data is saved locally in /home/hkzhang/Generative_Rendering/DiT/T2I_lab/SiT/wandb/run-20260224_233648-28464407
wandb: Run `wandb offline` to turn off syncing.
wandb: Syncing run 028-SiT-S-2-Linear-velocity-None
wandb: ⭐️ View project at https://wandb.ai/TAMU-Visual-AI/SiT
wandb: 🚀 View run at https://wandb.ai/TAMU-Visual-AI/SiT/runs/28464407
W0224 23:37:17.488000 3239716 site-packages/torch/distributed/elastic/multiprocessing/api.py:900] Sending process 3239780 closing signal SIGTERM
E0224 23:37:18.054000 3239716 site-packages/torch/distributed/elastic/multiprocessing/api.py:874] failed (exitcode: -9) local_rank: 0 (pid: 3239779) of binary: /home/hkzhang/anaconda3/envs/SiT/bin/python3.12
Traceback (most recent call last):
  File "/home/hkzhang/anaconda3/envs/SiT/bin/torchrun", line 6, in <module>
    sys.exit(main())
             ^^^^^^
  File "/home/hkzhang/anaconda3/envs/SiT/lib/python3.12/site-packages/torch/distributed/elastic/multiprocessing/errors/__init__.py", line 355, in wrapper
    return f(*args, **kwargs)
           ^^^^^^^^^^^^^^^^^^
  File "/home/hkzhang/anaconda3/envs/SiT/lib/python3.12/site-packages/torch/distributed/run.py", line 892, in main
    run(args)
  File "/home/hkzhang/anaconda3/envs/SiT/lib/python3.12/site-packages/torch/distributed/run.py", line 883, in run
    elastic_launch(
  File "/home/hkzhang/anaconda3/envs/SiT/lib/python3.12/site-packages/torch/distributed/launcher/api.py", line 139, in __call__
    return launch_agent(self._config, self._entrypoint, list(args))
           ^^^^^^^^^^^^^^^^^^^^^^^^^^^^^^^^^^^^^^^^^^^^^^^^^^^^^^^^
  File "/home/hkzhang/anaconda3/envs/SiT/lib/python3.12/site-packages/torch/distributed/launcher/api.py", line 270, in launch_agent
    raise ChildFailedError(
torch.distributed.elastic.multiprocessing.errors.ChildFailedError: 
========================================================
train.py FAILED
--------------------------------------------------------
Failures:
  <NO_OTHER_FAILURES>
--------------------------------------------------------
Root Cause (first observed failure):
[0]:
  time      : 2026-02-24_23:37:17
  host      : csce-chzhang.engr.tamu.edu
  rank      : 0 (local_rank: 0)
  exitcode  : -9 (pid: 3239779)
  error_file: <N/A>
  traceback : Signal 9 (SIGKILL) received by PID 3239779
========================================================
